
Merging program properties

Removed property 0xc0010001 to merge build/kernel/kernel.c.o (0x1) and build/boot/boot.s.o (not found)
Removed property 0xc0010002 to merge build/kernel/kernel.c.o (0x0) and build/boot/boot.s.o (not found)
Removed property 0xc0010001 to merge build/kernel/kernel.c.o (not found) and build/utils/stdout.c.o (0x1)
Removed property 0xc0010002 to merge build/kernel/kernel.c.o (not found) and build/utils/stdout.c.o (0x0)

Discarded input sections

 .note.gnu.property
                0x00000000       0x28 build/kernel/kernel.c.o
 .note.gnu.property
                0x00000000       0x28 build/utils/stdout.c.o

Memory Configuration

Name             Origin             Length             Attributes
*default*        0x00000000         0xffffffff

Linker script and memory map

                0x00100000                        . = 0x100000

.text           0x00100000      0x271
 *(.text)
 .text          0x00100000       0x60 build/boot/boot.s.o
                0x0010000c                _start
 .text          0x00100060       0x5d build/kernel/kernel.c.o
                0x00100060                kernelMain
 .text          0x001000bd      0x1b4 build/utils/stdout.c.o
                0x001000bd                setColor
                0x001000d5                setPos
                0x00100104                clearScreen
                0x00100150                printChar
                0x00100219                printString
                0x0010025e                newline

.iplt           0x00100271        0x0
 .iplt          0x00100271        0x0 build/boot/boot.s.o

.data           0x00100280       0x61
 *(.data)
 .data          0x00100280       0x5c build/kernel/kernel.c.o
                0x00100280                prompt
                0x001002a0                fetch_strings
 .data          0x001002dc        0x5 build/utils/stdout.c.o
                0x001002dc                vgaMemory
                0x001002e0                terminalColor

.got            0x001002e4        0x0
 .got           0x001002e4        0x0 build/boot/boot.s.o

.got.plt        0x001002e4        0x0
 .got.plt       0x001002e4        0x0 build/boot/boot.s.o

.igot.plt       0x001002e4        0x0
 .igot.plt      0x001002e4        0x0 build/boot/boot.s.o

.rodata         0x001002e4      0x2b4
 *(.rodata)
 .rodata        0x001002e4      0x2b1 build/kernel/kernel.c.o
 .rodata        0x00100595        0x3 build/utils/stdout.c.o

.eh_frame       0x00100598       0xfc
 .eh_frame      0x00100598       0x38 build/kernel/kernel.c.o
 .eh_frame      0x001005d0       0xc4 build/utils/stdout.c.o
                                 0xdc (size before relaxing)

.rel.dyn        0x00100694        0x0
 .rel.got       0x00100694        0x0 build/boot/boot.s.o
 .rel.iplt      0x00100694        0x0 build/boot/boot.s.o

.bss            0x00100694     0x2002
 *(.bss)
 .bss           0x00100694     0x2000 build/boot/boot.s.o
 .bss           0x00102694        0x0 build/kernel/kernel.c.o
 .bss           0x00102694        0x2 build/utils/stdout.c.o
                0x00102694                cursorPos
LOAD build/boot/boot.s.o
LOAD build/kernel/kernel.c.o
LOAD build/utils/stdout.c.o
OUTPUT(build/kernel.elf elf32-i386)

.comment        0x00000000       0x1b
 .comment       0x00000000       0x1b build/kernel/kernel.c.o
                                 0x1c (size before relaxing)
 .comment       0x0000001b        0x0 build/utils/stdout.c.o
                                 0x1c (size before relaxing)

.note.GNU-stack
                0x00000000        0x0
 .note.GNU-stack
                0x00000000        0x0 build/kernel/kernel.c.o
 .note.GNU-stack
                0x00000000        0x0 build/utils/stdout.c.o
